Missing data. Teacher: Brown student:Arjun Badi
Missing data. Teacher: Sethi student:Sungyoon Jeong
